' MAP MADE WITH CDN MEDIA STUDIO
                                    
 ÑxxxxxxÄxxxxÄxxxxxxxxxxxxÄxxxxxxÖ  
 y   1  }    y    8       }     8y  
 y8   HÉ   É y            6   X?9y  
 y1  ?É   É  }            6 XXxx{  
 y   É ? É   6  1         |      y  
 y  É   É  ÑxxxxxxxxÄ~ xxÅxxÖ   y  
 y1    É   }        }        y   y  
 z~   É   É         6        z~7{  
 y       É          6        y?  y  
 y     Ñ~   ÑxxxxxxxxxxxxxÖ  }   y x
 y     y   Ñá    6        y  6   y  
 zx~7xáC  y     |        y  6   y  
 y     6?  y     y        yL |   y  
 y     6   y     y8M?     y?1yL  y x
 y     |   y  ÑxxÅxx~     zxx{L  y  
 y     y  8y  y           }  yL  y  
 y     zxxx{  y  !        6  y   y  
 y     y8  y  y           6P y   y x
 y É É y   }  y           |P y   y  
 y E P y   6  ÜxxxÄxxxxxxxáP y   y  
 y  É  y   6   111y8      P  y   y  
 y  C  y   |   111y1       ? }   y  
 z~   {   y   118y1         6   y x
 y     y   zxxxxxxÅxxÄxxxxxxx~   y  
 y  É  y   }  1 1    y8   P      y  
 y  4  y   6   1 1   y     ?     y  
 y     Üxxxxxxxxxxx~ Üxxxxxxxxxxx{  
 y EA      NA1 NA1?     1     1  y  
 Üxxxxxxxxxxxxxxxxxxxxxxxxxxxxxxxá x
                                    
                                    
                                    
                                    
                                    
                                    
